[vicotrust.netlify.app/index.html]
[vicotrust.netlify.app/dist/template/_common/css/base.min.css]
[vicotrust.netlify.app/dist/template/_common/js/base.min8e5e8e5e.html]
[backblue.gif]
[fade.gif]
[index.html]
[vicotrust.netlify.app/dist/template/_common/js/libs.min.js]
[vicotrust.netlify.app/dist/template/assets/css/master.css]
[vicotrust.netlify.app/dist/images/favicon.png]
[www.smartsuppchat.com/loaderd41d.js]
[vicotrust.netlify.app/dist/template/assets/media/general/logo3.png]
[vicotrust.netlify.app/about.html]
[vicotrust.netlify.app/faq.html]
[vicotrust.netlify.app/terms.html]
[vicotrust.netlify.app/contact.html]
[translate.google.com/translate_a/elementa0d8.js]
[vicotrust.netlify.app/login.html]
[vicotrust.netlify.app/register.html]
[vicotrust.netlify.app/dist/template/assets/media/components/b-service/service-gallery-1.jpg]
[files.coinmarketcap.com/static/widget/currency.js]
[files.coinmarketcap.com/static/widget/coinPriceBlock.js]
[vicotrust.netlify.app/dist/template/images/pm.jpg]
[vicotrust.netlify.app/dist/template/images/btc.jpg]
[vicotrust.netlify.app/dist/template/images/adc.jpg]
[vicotrust.netlify.app/dist/template/images/ltc.jpg]
[vicotrust.netlify.app/dist/template/images/pr.jpg]
[vicotrust.netlify.app/dist/template/images/eth.jpg]
[vicotrust.netlify.app/privacy.html]
[vicotrust.netlify.app/antispam.html]
[vicotrust.netlify.app/dist/template/images/geotrust.png]
[vicotrust.netlify.app/dist/template/images/sitelock.png]
[vicotrust.netlify.app/dist/template/assets/libs/jquery-migrate-1.2.1.js]
[vicotrust.netlify.app/dist/template/assets/libs/jquery-1.12.4.min.js]
[vicotrust.netlify.app/dist/template/assets/libs/bootstrap/bootstrap.min.js]
[vicotrust.netlify.app/dist/template/assets/plugins/slabText/js/jquery.slabtext.min.js]
[vicotrust.netlify.app/dist/template/assets/plugins/owl-carousel/owl.carousel.min.js]
[vicotrust.netlify.app/dist/template/assets/plugins/slick/slick.min.js]
[vicotrust.netlify.app/dist/template/assets/plugins/slyslider/sly.min.js]
[vicotrust.netlify.app/dist/template/assets/plugins/bxslider/vendor/jquery.easing.1.3.js]
[vicotrust.netlify.app/dist/template/assets/plugins/bxslider/vendor/jquery.fitvids.js]
[vicotrust.netlify.app/dist/template/assets/plugins/bxslider/jquery.bxslider.min.js]
[vicotrust.netlify.app/dist/template/assets/plugins/magnific-popup/jquery.magnific-popup.min.js]
[vicotrust.netlify.app/dist/template/assets/plugins/headers/slidebar.js]
[vicotrust.netlify.app/dist/template/assets/plugins/headers/header.js]
[vicotrust.netlify.app/dist/template/assets/plugins/isotope/isotope.pkgd.min.js]
[vicotrust.netlify.app/dist/template/assets/plugins/isotope/imagesLoaded.js]
[vicotrust.netlify.app/dist/template/assets/plugins/rendro-easy-pie-chart/jquery.easypiechart.min.js]
[vicotrust.netlify.app/dist/template/assets/plugins/rendro-easy-pie-chart/waypoints.min.js]
[vicotrust.netlify.app/dist/template/assets/plugins/wow.min.js]
[vicotrust.netlify.app/dist/template/assets/plugins/pickmeup/pickmeup.js]
[vicotrust.netlify.app/dist/template/assets/js/custom.js]
[vicotrust.netlify.app/dist/template/assets/js/jquery.counterup.js]
[vicotrust.netlify.app/dist/template/assets/js/jquery.counterup.min.js]
[vicotrust.netlify.app/dist/template/assets/js/jquery.waypoints.min.js]
[vicotrust.netlify.app/dist/template/assets/js/calc.js]
[vicotrust.netlify.app/index.html]
[vicotrust.netlify.app/dist/js/app.js]
[vicotrust.netlify.app/dist/template/_common/images/sort_both.png]
[vicotrust.netlify.app/dist/template/_common/images/sort_asc.png]
[vicotrust.netlify.app/dist/template/_common/images/sort_desc.png]
[vicotrust.netlify.app/dist/template/_common/images/sort_asc_disabled.png]
[vicotrust.netlify.app/dist/template/_common/images/sort_desc_disabled.png]
[vicotrust.netlify.app/dist/template/_common/fonts/fontawesome-webfont93e393e393e3.eot]
[vicotrust.netlify.app/dist/template/_common/fonts/fontawesome-webfontd41dd41dd41d.eot]
[vicotrust.netlify.app/dist/template/_common/fonts/fontawesome-webfont93e393e393e3.woff2]
[vicotrust.netlify.app/dist/template/_common/fonts/fontawesome-webfont93e393e393e3.woff]
[vicotrust.netlify.app/dist/template/_common/fonts/fontawesome-webfont93e393e393e3.ttf]
[vicotrust.netlify.app/dist/template/_common/css/base.min.css]
[vicotrust.netlify.app/dist/template/_common/js/base.min8e5e8e5e.html]
[vicotrust.netlify.app/dist/template/assets/fonts/font-awesome-4.6.3/css/font-awesome.min.css]
[vicotrust.netlify.app/dist/template/_common/fonts/fontawesome-webfont93e393e393e3.svg]
[vicotrust.netlify.app/dist/template/assets/fonts/elegant/style.css]
[vicotrust.netlify.app/dist/template/assets/fonts/flaticon/flaticon.css]
[vicotrust.netlify.app/dist/template/assets/libs/bootstrap/bootstrap.css]
[vicotrust.netlify.app/dist/template/assets/plugins/headers/header.css]
[vicotrust.netlify.app/dist/template/assets/plugins/headers/yamm.css]
[vicotrust.netlify.app/dist/template/assets/plugins/owl-carousel/assets/owl.carousel.css]
[vicotrust.netlify.app/dist/template/assets/plugins/slick/slick.css]
[vicotrust.netlify.app/dist/template/assets/plugins/bxslider/jquery.bxslider.css]
[vicotrust.netlify.app/dist/template/assets/plugins/magnific-popup/magnific-popup.css]
[vicotrust.netlify.app/dist/template/assets/plugins/animate/animate.css]
[vicotrust.netlify.app/dist/template/assets/plugins/pickmeup/pickmeup.css]
[vicotrust.netlify.app/dist/template/assets/css/color.css]
[vicotrust.netlify.app/dist/template/assets/css/theme.css]
[vicotrust.netlify.app/dist/template/assets/css/responsive.css]
[vicotrust.netlify.app/dist/template/assets/css/custom.css]
[vicotrust.netlify.app/dist/template/assets/css/master.css]
[vicotrust.netlify.app/dist/images/vicotrusttrade-certificate.png]
[vicotrust.netlify.app/about.html]
[vicotrust.netlify.app/faq.html]
[vicotrust.netlify.app/terms.html]
[vicotrust.netlify.app/contact.html]
[vicotrust.netlify.app/dist/auth-assets/css/bootstrap.min.css]
[vicotrust.netlify.app/dist/auth-assets/css/app.min.css]
[vicotrust.netlify.app/dist/auth-assets/css/icons.min.css]
[vicotrust.netlify.app/dist/auth-assets/images/profile-img.png]
[vicotrust.netlify.app/forgot.html]
[vicotrust.netlify.app/dist/auth-assets/libs/jquery/jquery.min.js]
[vicotrust.netlify.app/dist/auth-assets/libs/bootstrap/js/bootstrap.bundle.min.js]
[vicotrust.netlify.app/dist/auth-assets/libs/metismenu/metisMenu.min.js]
[vicotrust.netlify.app/dist/auth-assets/libs/simplebar/simplebar.min.js]
[vicotrust.netlify.app/dist/auth-assets/libs/node-waves/waves.min.js]
[vicotrust.netlify.app/dist/auth-assets/js/app.js]
[vicotrust.netlify.app/login.html]
[vicotrust.netlify.app/dist/auth-assets/js/pages/validation.init.js]
[vicotrust.netlify.app/register.html]
[vicotrust.netlify.app/privacy.html]
[vicotrust.netlify.app/antispam.html]
[vicotrust.netlify.app/dist/template/_common/fonts/fontawesome-webfont93e393e393e3.svg]
[vicotrust.netlify.app/dist/template/assets/fonts/font-awesome-4.6.3/fonts/fontawesome-webfont5b625b625b62.eot]
[vicotrust.netlify.app/dist/template/assets/fonts/font-awesome-4.6.3/fonts/fontawesome-webfontd41dd41dd41d.eot]
[vicotrust.netlify.app/dist/template/assets/fonts/font-awesome-4.6.3/fonts/fontawesome-webfont5b625b625b62.woff2]
[vicotrust.netlify.app/dist/template/assets/fonts/font-awesome-4.6.3/fonts/fontawesome-webfont5b625b625b62.woff]
[vicotrust.netlify.app/dist/template/assets/fonts/font-awesome-4.6.3/fonts/fontawesome-webfont5b625b625b62.ttf]
[vicotrust.netlify.app/dist/template/assets/fonts/font-awesome-4.6.3/css/font-awesome.min.css]
[vicotrust.netlify.app/dist/template/assets/fonts/font-awesome-4.6.3/fonts/fontawesome-webfont5b625b625b62.svg]
[vicotrust.netlify.app/dist/template/assets/fonts/elegant/fonts/ElegantIcons.eot]
[vicotrust.netlify.app/dist/template/assets/fonts/elegant/fonts/ElegantIconsd41dd41dd41d.eot]
[vicotrust.netlify.app/dist/template/assets/fonts/elegant/fonts/ElegantIcons.woff]
[vicotrust.netlify.app/dist/template/assets/fonts/elegant/fonts/ElegantIcons.ttf]
[vicotrust.netlify.app/dist/template/assets/fonts/elegant/style.css]
[vicotrust.netlify.app/dist/template/assets/fonts/flaticon/Flaticon.eot]
[vicotrust.netlify.app/dist/template/assets/fonts/elegant/fonts/ElegantIcons.svg]
[vicotrust.netlify.app/dist/template/assets/fonts/flaticon/Flaticond41dd41dd41d.eot]
[vicotrust.netlify.app/dist/template/assets/fonts/flaticon/Flaticon.woff]
[vicotrust.netlify.app/dist/template/assets/fonts/flaticon/Flaticon.ttf]
[vicotrust.netlify.app/dist/template/assets/fonts/flaticon/flaticon.css]
[vicotrust.netlify.app/dist/template/assets/fonts/flaticon/Flaticon.svg]
[vicotrust.netlify.app/dist/template/assets/libs/fonts/glyphicons-halflings-regular.html]
[vicotrust.netlify.app/dist/template/assets/libs/fonts/glyphicons-halflings-regulard41dd41dd41d.html]
[vicotrust.netlify.app/dist/template/assets/libs/fonts/glyphicons-halflings-regular-2.html]
[vicotrust.netlify.app/dist/template/assets/libs/fonts/glyphicons-halflings-regular-3.html]
[vicotrust.netlify.app/dist/template/assets/libs/fonts/glyphicons-halflings-regular-4.html]
[vicotrust.netlify.app/dist/template/assets/libs/fonts/glyphicons-halflings-regular-5.html]
[vicotrust.netlify.app/dist/template/assets/libs/bootstrap/bootstrap.css]
[vicotrust.netlify.app/dist/template/assets/plugins/headers/header.css]
[vicotrust.netlify.app/dist/template/assets/plugins/headers/yamm.css]
[vicotrust.netlify.app/dist/template/assets/plugins/owl-carousel/assets/owl.video.play.html]
[vicotrust.netlify.app/dist/template/assets/plugins/owl-carousel/assets/owl.carousel.css]
[vicotrust.netlify.app/dist/template/assets/plugins/slick/slick.css]
[vicotrust.netlify.app/dist/template/assets/plugins/bxslider/images/bx_loader.gif]
[vicotrust.netlify.app/dist/template/assets/plugins/bxslider/images/controls.png]
[vicotrust.netlify.app/dist/template/assets/plugins/bxslider/jquery.bxslider.css]
[vicotrust.netlify.app/dist/template/assets/plugins/magnific-popup/magnific-popup.css]
[vicotrust.netlify.app/dist/template/assets/plugins/animate/animate.css]
[vicotrust.netlify.app/dist/template/assets/plugins/pickmeup/pickmeup.css]
[vicotrust.netlify.app/dist/template/assets/css/color.css]
[vicotrust.netlify.app/dist/template/assets/media/general/step-arrow.png]
[vicotrust.netlify.app/dist/template/assets/media/content/texture/map-bg.png]
[vicotrust.netlify.app/dist/template/assets/media/content/texture/shape-bg.png]
[vicotrust.netlify.app/dist/template/assets/media/content/pages-background/page-layer-bg1.jpg]
[vicotrust.netlify.app/dist/template/assets/media/content/pages-background/page-layer-bg2.jpg]
[vicotrust.netlify.app/dist/template/assets/media/content/pages-background/page-layer-bg3.jpg]
[vicotrust.netlify.app/dist/template/assets/media/content/pages-background/page-layer-bg4.jpg]
[vicotrust.netlify.app/dist/template/assets/media/content/pages-background/page-layer-bg5.jpg]
[vicotrust.netlify.app/dist/template/assets/media/content/pages-background/page-layer-home.jpg]
[vicotrust.netlify.app/dist/template/assets/media/content/pages-background/video-bg.jpg]
[vicotrust.netlify.app/dist/template/images/video-frame.jpg]
[vicotrust.netlify.app/dist/template/assets/media/content/pages-background/reviews-bg.jpg]
[vicotrust.netlify.app/dist/template/assets/media/content/texture/wave-bg-grey.png]
[vicotrust.netlify.app/dist/template/assets/media/content/texture/pattern.png]
[vicotrust.netlify.app/dist/template/assets/media/content/texture/mac-mod.png]
[vicotrust.netlify.app/dist/template/assets/css/theme.css]
[vicotrust.netlify.app/dist/template/assets/css/responsive.css]
[vicotrust.netlify.app/dist/template/assets/css/custom.css]
[vicotrust.netlify.app/dist/index.html]
[vicotrust.netlify.app/dist/auth-assets/css/bootstrap.min.css]
[vicotrust.netlify.app/dist/auth-assets/fonts/materialdesignicons-webfonte910e910e910.eot]
[vicotrust.netlify.app/dist/auth-assets/fonts/materialdesignicons-webfontd41dd41dd41d.eot]
[vicotrust.netlify.app/dist/auth-assets/fonts/materialdesignicons-webfonte910e910e910.woff]
[vicotrust.netlify.app/dist/auth-assets/fonts/materialdesignicons-webfonte910e910e910.html]
[vicotrust.netlify.app/dist/auth-assets/fonts/materialdesignicons-webfonte910e910e910.ttf]
[vicotrust.netlify.app/dist/auth-assets/fonts/boxicons.eot]
[vicotrust.netlify.app/dist/auth-assets/fonts/boxicons.html]
[vicotrust.netlify.app/dist/auth-assets/fonts/boxicons.woff]
[vicotrust.netlify.app/dist/auth-assets/fonts/boxicons.ttf]
[vicotrust.netlify.app/dist/auth-assets/fonts/fa-brands-400.eot]
[vicotrust.netlify.app/dist/auth-assets/fonts/fa-brands-400d41dd41dd41d.eot]
[vicotrust.netlify.app/dist/auth-assets/fonts/boxiconsd41dd41dd41d.svg]
[vicotrust.netlify.app/dist/auth-assets/fonts/fa-brands-400.woff]
[vicotrust.netlify.app/dist/auth-assets/fonts/fa-brands-400.html]
[vicotrust.netlify.app/dist/auth-assets/fonts/fa-brands-400.ttf]
[vicotrust.netlify.app/dist/auth-assets/fonts/fa-regular-400.eot]
[vicotrust.netlify.app/dist/auth-assets/fonts/fa-regular-400d41dd41dd41d.eot]
[vicotrust.netlify.app/dist/auth-assets/fonts/fa-brands-400.svg]
[vicotrust.netlify.app/dist/auth-assets/fonts/fa-regular-400.html]
[vicotrust.netlify.app/dist/auth-assets/fonts/fa-regular-400.woff]
[vicotrust.netlify.app/dist/auth-assets/fonts/fa-regular-400.ttf]
[vicotrust.netlify.app/dist/auth-assets/fonts/fa-solid-900.eot]
[vicotrust.netlify.app/dist/auth-assets/fonts/fa-regular-400.svg]
[vicotrust.netlify.app/dist/auth-assets/fonts/fa-solid-900d41dd41dd41d.eot]
[vicotrust.netlify.app/dist/auth-assets/fonts/fa-solid-900.html]
[vicotrust.netlify.app/dist/auth-assets/fonts/fa-solid-900.woff]
[vicotrust.netlify.app/dist/auth-assets/fonts/fa-solid-900.ttf]
[vicotrust.netlify.app/dist/auth-assets/fonts/dripicons-v2.eot]
[vicotrust.netlify.app/dist/auth-assets/fonts/dripicons-v2d41dd41dd41d.eot]
[vicotrust.netlify.app/dist/auth-assets/fonts/dripicons-v2.woff]
[vicotrust.netlify.app/dist/auth-assets/fonts/dripicons-v2.ttf]
[vicotrust.netlify.app/dist/auth-assets/fonts/fa-solid-900.svg]
[vicotrust.netlify.app/dist/auth-assets/css/icons.min.css]
[vicotrust.netlify.app/dist/auth-assets/css/app.min.css]
[vicotrust.netlify.app/forgot.html]
[vicotrust.netlify.app/dist/template/assets/fonts/font-awesome-4.6.3/fonts/fontawesome-webfont5b625b625b62.svg]
[vicotrust.netlify.app/dist/template/assets/fonts/elegant/fonts/ElegantIcons.svg]
[vicotrust.netlify.app/dist/template/assets/fonts/flaticon/Flaticon.svg]
[vicotrust.netlify.app/dist/auth-assets/fonts/dripicons-v2.svg]
[vicotrust.netlify.app/dist/contact.html]
[vicotrust.netlify.app/dist/template/assets/libs/fonts/glyphicons-halflings-regular.html]
[vicotrust.netlify.app/dist/template/assets/libs/fonts/glyphicons-halflings-regulard41dd41dd41d.html]
[vicotrust.netlify.app/dist/template/assets/libs/fonts/glyphicons-halflings-regular-2.html]
[vicotrust.netlify.app/dist/template/assets/libs/fonts/glyphicons-halflings-regular-3.html]
[vicotrust.netlify.app/dist/template/assets/libs/fonts/glyphicons-halflings-regular-4.html]
[vicotrust.netlify.app/dist/template/assets/libs/fonts/glyphicons-halflings-regular-5.html]
[vicotrust.netlify.app/dist/template/assets/plugins/owl-carousel/assets/owl.video.play.html]
[vicotrust.netlify.app/dist/index.html]
[vicotrust.netlify.app/dist/auth-assets/fonts/materialdesignicons-webfonte910e910e910.html]
[vicotrust.netlify.app/dist/auth-assets/fonts/boxicons.html]
[vicotrust.netlify.app/dist/auth-assets/fonts/boxiconsd41dd41dd41d.svg]
[vicotrust.netlify.app/dist/auth-assets/fonts/fa-brands-400.html]
[vicotrust.netlify.app/dist/auth-assets/fonts/fa-brands-400.svg]
[vicotrust.netlify.app/dist/auth-assets/fonts/fa-regular-400.html]
[vicotrust.netlify.app/dist/auth-assets/fonts/fa-regular-400.svg]
[vicotrust.netlify.app/dist/auth-assets/fonts/fa-solid-900.html]
[vicotrust.netlify.app/dist/auth-assets/fonts/fa-solid-900.svg]
[vicotrust.netlify.app/dist/auth-assets/fonts/dripicons-v2.svg]
[vicotrust.netlify.app/dist/contact.html]
